// Jest Snapshot v1, https://goo.gl/fbAQLP

exports[`<SocialMediaIcons /> matches snapshot 1`] = `
<div>
  <article
    class="sc-bdnylx lhFiJk"
  >
    <h3
      class="sc-dlnjPT cKDbIz"
      style="opacity: 0; transform: translateY(20px) translateZ(0);"
    >
      Projektowanie interfejsów
    </h3>
  </article>
  <article
    class="sc-bdnylx lhFiJk"
  >
    <h3
      class="sc-dlnjPT cKDbIz"
      style="opacity: 0; transform: translateY(20px) translateZ(0);"
    >
      Strony i aplikacje internetowe
    </h3>
  </article>
  <article
    class="sc-bdnylx lhFiJk"
  >
    <h3
      class="sc-dlnjPT cKDbIz"
      style="opacity: 0; transform: translateY(20px) translateZ(0);"
    >
      Sklepy internetowe
    </h3>
  </article>
</div>
`;
