// Jest Snapshot v1, https://goo.gl/fbAQLP

exports[`<BlogPostHeroContent /> renders correctly and matches snapshot 1`] = `
<div
  class="sc-AxjAm gYmeLx"
>
  <h2
    class="sc-AxiKw kKlpRG"
    data-testid="heading"
    style="opacity: 0; transform: translateX(40px) translateZ(0);"
  >
    fake blog post hero title
  </h2>
  <p
    class="sc-AxhCb rhJVw"
    data-testid="blog-post-hero-description"
  >
    Lorem ipsum dolor sit amet consectetur adipisicing elit.
  </p>
</div>
`;
