// Jest Snapshot v1, https://goo.gl/fbAQLP

exports[`<FooterLinks /> renders correctly and matches snapshot 1`] = `
<div
  class="sc-AxjAm imGFGW"
>
  <a
    class="sc-AxirZ GNHAo"
    href="/projekty"
  >
    projekty
  </a>
  <a
    class="sc-AxirZ GNHAo"
    href="/blog"
  >
    blog
  </a>
  <a
    class="sc-AxirZ GNHAo"
    href="/wycena"
  >
    wycena
  </a>
</div>
`;
