// Jest Snapshot v1, https://goo.gl/fbAQLP

exports[`<HeroContent /> renders correctly and matches snapshot 1`] = `
<div
  class="sc-AxjAm gYmeLx"
>
  <div
    class="sc-AxheI gRrBTV"
  >
    <h1
      class="sc-AxhCb fLbFCP sc-Axmtr hxvseQ"
      style="opacity: 0; transform: translateX(-80px) translateZ(0);"
    >
      Zaistniej w sieci
    </h1>
    <p
      class="sc-AxgMl emnsMq sc-AxmLO gOCTPI"
    >
      Zaistniej w świecie nieograniczonych możliwości
    </p>
  </div>
  <div
    class="sc-fzozJi bjvZHp"
  >
    <a
      class="sc-AxirZ dhZGqu sc-AxiKw GbYkR"
      href="/wycena"
      priority="primary"
    >
      <span>
        Bezpłatna wycena
      </span>
    </a>
    <a
      class="sc-AxirZ dhZGqu sc-AxiKw iuBmcE"
      href="/projekty"
      priority="secondary"
    >
      <span>
        Zrealizowane projekty
      </span>
    </a>
  </div>
</div>
`;
