// Jest Snapshot v1, https://goo.gl/fbAQLP

exports[`<HeroContent /> renders correctly and matches snapshot 1`] = `
<div
  class="sc-bdnylx ggAaCM"
>
  <div
    class="sc-gKAblj ixJViW"
  >
    <h1
      class="sc-hKFyIo LDwAY sc-iCoHVE jCGsBf"
      style="opacity: 0; transform: translateX(-80px) translateZ(0);"
    >
      Zaistniej w sieci
    </h1>
    <p
      class="sc-jSFkmK hYnFXU sc-fujyUd kUoHkZ"
    >
      <span>
        Zaistniej w świecie 
      </span>
      <span>
        nieograniczonych możliwości
      </span>
    </p>
  </div>
  <div
    class="sc-pNWxx cPvtmN"
  >
    <a
      class="sc-gtssRu jvhPFt sc-dlnjPT fblnUy"
      href="/wycena"
      priority="primary"
    >
      <span>
        Bezpłatna wycena
      </span>
    </a>
    <a
      class="sc-gtssRu jvhPFt sc-dlnjPT bxdVPr"
      href="/projekty"
      priority="secondary"
    >
      <span>
        Zrealizowane projekty
      </span>
    </a>
  </div>
</div>
`;
