// Jest Snapshot v1, https://goo.gl/fbAQLP

exports[`<HeroContent /> renders correctly and matches snapshot 1`] = `
<div
  class="sc-AxjAm gYmeLx"
>
  <div
    class="sc-AxheI gRrBTV"
  >
    <h1
      class="sc-AxhCb jcEHSw sc-Axmtr hxvseQ"
      style="opacity: 0; transform: translateX(-80px) translateZ(0);"
    >
      Zaistniej w sieci
    </h1>
    <p
      class="sc-AxgMl kuRKCx sc-AxmLO gOCTPI"
    >
      Zaistniej w świecie nieograniczonych możliwości
    </p>
  </div>
  <div
    class="sc-fzozJi bjvZHp"
  >
    <a
      class="sc-AxirZ fIUteP"
      href="/wycena"
    >
      <button
        class="sc-AxiKw GbYkR"
        type="button"
      >
        <span>
          Bezpłatna wycena
        </span>
      </button>
    </a>
    <a
      class="sc-AxirZ fIUteP"
      href="/projekty"
    >
      <button
        class="sc-AxiKw iuBmcE"
        type="button"
      >
        <span>
          Zrealizowane projekty
        </span>
      </button>
    </a>
  </div>
</div>
`;
