// Jest Snapshot v1, https://goo.gl/fbAQLP

exports[`<NotFoundSectionContent /> matches snapshot 1`] = `
<main>
  <div
    class="sc-dlnjPT eEtTnh"
  >
    <h1
      class="sc-hKFyIo jQjyqG sc-gKAblj byTclU"
      style="opacity: 0; transform: translateX(40px) translateZ(0);"
    >
      Coś poszło nie tak...
    </h1>
    <div
      class="sc-jSFkmK ggQbXJ"
    >
      <a
        class="sc-bdnylx gzzKVY sc-gtssRu kKYjrL"
        href="/"
        priority="secondary"
      >
        <span>
          Strona główna
        </span>
      </a>
    </div>
  </div>
</main>
`;
