// Jest Snapshot v1, https://goo.gl/fbAQLP

exports[`<NotFoundSectionContent /> renders correctly and matches snapshot 1`] = `
<main>
  <div
    class="sc-AxiKw knHbTu"
  >
    <h1
      class="sc-AxhCb jdNHOn sc-AxheI biJvfv"
      style="opacity: 0; transform: translateX(40px) translateZ(0);"
    >
      Coś poszło nie tak...
    </h1>
    <div
      class="sc-AxgMl fOVlnj"
    >
      <a
        class="sc-AxjAm dEnCIl sc-AxirZ cvvsKc"
        href="/"
        priority="secondary"
      >
        <span>
          Strona główna
        </span>
      </a>
    </div>
  </div>
</main>
`;
