// Jest Snapshot v1, https://goo.gl/fbAQLP

exports[`<NotFoundSectionContent /> matches snapshot 1`] = `
<div
  class="sc-dlnjPT cAwSTu"
>
  <h1
    class="sc-hKFyIo dQUBIq sc-gKAblj byTclU"
    style="opacity: 0; transform: translateX(40px) translateZ(0);"
  >
    Coś poszło nie tak...
  </h1>
  <div
    class="sc-jSFkmK bDXLlY"
    style="opacity: 0; transform: translateX(-30px) translateZ(0);"
  >
    <a
      class="sc-bdnylx gzzKVY sc-gtssRu kKYjrL"
      href="/"
      priority="secondary"
    >
      <span>
        Strona główna
      </span>
    </a>
  </div>
</div>
`;
