// Jest Snapshot v1, https://goo.gl/fbAQLP

exports[`<CompanyInformations /> renders correctly and matches snapshot 1`] = `
<div
  class="sc-bdnylx bVpGCt"
>
  <a
    class="sc-gtssRu dWkJeQ"
    href="tel:+48797709856"
  >
    +48 797 709 856
  </a>
  <a
    class="sc-gtssRu dWkJeQ"
    href="mailto:kontakt@lukaszkalemba.pl"
  >
    kontakt@lukaszkalemba.pl
  </a>
  <p
    class="sc-dlnjPT ffojLO"
  >
    REGON: 000000000
  </p>
  <p
    class="sc-dlnjPT ffojLO"
  >
    KRS: 0000000000
  </p>
</div>
`;
