// Jest Snapshot v1, https://goo.gl/fbAQLP

exports[`<BlogPostContentBody /> renders correctly and matches snapshot 1`] = `
<div
  class="sc-AxirZ hhfYiK"
>
  <div
    class="sc-AxjAm epiZDW"
    style="opacity: 0; transform: translateY(100px) translateZ(0);"
  >
    <div />
  </div>
  <div
    class="sc-AxjAm epiZDW"
    style="opacity: 0; transform: translateY(100px) translateZ(0);"
  >
    <div />
  </div>
  <div
    class="sc-AxjAm epiZDW"
    style="opacity: 0; transform: translateY(100px) translateZ(0);"
  >
    <div />
  </div>
  <div
    class="sc-AxjAm epiZDW"
    style="opacity: 0; transform: translateY(100px) translateZ(0);"
  >
    <div />
  </div>
  <div
    class="sc-AxjAm epiZDW"
    style="opacity: 0; transform: translateY(100px) translateZ(0);"
  >
    <div />
  </div>
</div>
`;
