// Jest Snapshot v1, https://goo.gl/fbAQLP

exports[`<ContactInformations /> matches snapshot 1`] = `
<div
  class="sc-bdnylx hvmfPr"
  style="opacity: 0; transform: translateY(20px) translateZ(0);"
>
  <a
    class="sc-gtssRu ciPAMe"
    href="tel:+48787709856"
  >
    +48 787 709 856
  </a>
  <a
    class="sc-gtssRu ciPAMe"
    href="mailto:lukasz.kalemba1@gmail.com"
  >
    lukasz.kalemba1@gmail.com
  </a>
</div>
`;
