// Jest Snapshot v1, https://goo.gl/fbAQLP

exports[`<ProjectHero /> renders correctly and matches snapshot 1`] = `
<div
  class="sc-AxhUy hwCBdc"
>
  <div
    class="sc-AxgMl gXArbd"
  >
    <div
      class="sc-AxjAm jLocZ"
    >
      <h2
        class="sc-AxiKw kKlpRG"
        data-testid="heading"
        style="opacity: 0; transform: translateX(40px) translateZ(0);"
      />
      <p
        class="sc-AxhCb eyrdko"
        data-testid="description"
        style="opacity: 0; transform: translateX(-30px) translateZ(0);"
      />
    </div>
  </div>
  <div
    class="sc-AxheI jxxMsa"
    style="opacity: 0; transform: translateX(100px) translateZ(0);"
  />
</div>
`;
